../Core/Src/main.c:32:6:Display_Temp	32	static
../Core/Src/main.c:49:6:HAL_GPIO_EXTI_Callback	16	static
../Core/Src/main.c:70:6:HAL_TIM_PeriodElapsedCallback	16	static
../Core/Src/main.c:87:5:main	8	static
../Core/Src/main.c:120:6:SystemClock_Config	72	static
../Core/Src/main.c:160:13:MX_I2C1_Init	8	static
../Core/Src/main.c:194:13:MX_TIM1_Init	32	static
../Core/Src/main.c:240:13:MX_TIM2_Init	48	static
../Core/Src/main.c:289:13:MX_GPIO_Init	40	static
../Core/Src/main.c:338:6:Error_Handler	4	static,ignoring_inline_asm
