../Core/Src/main.c:26:6:DWT_Delay_Init	4	static
../Core/Src/main.c:32:6:DWT_Delay_us	24	static
../Core/Src/main.c:38:6:DS18B20_Pin_Output	24	static
../Core/Src/main.c:46:6:DS18B20_Pin_Input	24	static
../Core/Src/main.c:54:9:DS18B20_Reset	16	static
../Core/Src/main.c:65:6:DS18B20_WriteBit	16	static
../Core/Src/main.c:74:9:DS18B20_ReadBit	16	static
../Core/Src/main.c:85:6:DS18B20_WriteByte	24	static
../Core/Src/main.c:92:9:DS18B20_ReadByte	16	static
../Core/Src/main.c:101:7:DS18B20_GetTemperature	16	static
../Core/Src/main.c:119:6:Display_Temp	32	static
../Core/Src/main.c:137:6:Read_Buttons	8	static
../Core/Src/main.c:160:5:main	24	static
../Core/Src/main.c:219:6:SystemClock_Config	72	static
../Core/Src/main.c:259:13:MX_I2C1_Init	8	static
../Core/Src/main.c:293:13:MX_TIM1_Init	32	static
../Core/Src/main.c:339:13:MX_TIM2_Init	48	static
../Core/Src/main.c:388:13:MX_GPIO_Init	40	static
../Core/Src/main.c:431:6:Error_Handler	4	static,ignoring_inline_asm
