23:54:18 **** Build of configuration Debug for project ADC_pwm ****
make -j8 all 
arm-none-eabi-gcc "../Core/Src/main.c" -mcpu=cortex-m3 -std=gnu11 -g3 -DDEBUG -DUSE_HAL_DRIVER -DSTM32F103xB -c -I../Core/Inc -I../Drivers/STM32F1xx_HAL_Driver/Inc/Legacy -I../Drivers/STM32F1xx_HAL_Driver/Inc -I../Drivers/CMSIS/Device/ST/STM32F1xx/Include -I../Drivers/CMSIS/Include -O0 -ffunction-sections -fdata-sections -Wall -fstack-usage -fcyclomatic-complexity -MMD -MP -MF"Core/Src/main.d" -MT"Core/Src/main.o" --specs=nano.specs -mfloat-abi=soft -mthumb -o "Core/Src/main.o"
arm-none-eabi-gcc -o "ADC_pwm.elf" @"objects.list"   -mcpu=cortex-m3 -T"D:\stm32_cube\ADC_pwm\STM32F103C8TX_FLASH.ld" --specs=nosys.specs -Wl,-Map="ADC_pwm.map" -Wl,--gc-sections -static --specs=nano.specs -mfloat-abi=soft -mthumb -u _printf_float -u _scanf_float -Wl,--start-group -lc -lm -Wl,--end-group
Finished building target: ADC_pwm.elf
 
arm-none-eabi-size  ADC_pwm.elf 
arm-none-eabi-objdump -h -S ADC_pwm.elf  > "ADC_pwm.list"
arm-none-eabi-objcopy  -O ihex ADC_pwm.elf  "ADC_pwm.hex"
   text	   data	    bss	    dec	    hex	filename
  36128	    468	   2116	  38712	   9738	ADC_pwm.elf
Finished building: default.size.stdout
 
Finished building: ADC_pwm.hex
 
Finished building: ADC_pwm.list
 

23:54:20 Build Finished. 0 errors, 0 warnings. (took 2s.46ms)

